=== BACKGROUND EVOLUTION KICKOFF ===

--- Generation 1 / 3 ---
Evaluating individual 1/10...
Evaluating individual 2/10...
Evaluating individual 3/10...
Evaluating individual 4/10...
Evaluating individual 5/10...
Evaluating individual 6/10...
Evaluating individual 7/10...
Evaluating individual 8/10...
Evaluating individual 9/10...
Evaluating individual 10/10...

🏆 Generation 1 Pareto Front:
  Elite 1: Nodes=54, Edges=66, Params=49,393,489, Loss=4.9621
  Elite 2: Nodes=53, Edges=65, Params=49,392,721, Loss=5.0096
✓ Saved checkpoints/generation_1_report.json
✓ Saved Pareto plot: checkpoints/generation_1_pareto.png

Breeding next generation...

--- Generation 2 / 3 ---
Evaluating individual 3/10...
Evaluation failed: mat1 and mat2 shapes cannot be multiplied (1024x128 and 768x50257)
Evaluating individual 4/10...
Evaluation failed: mat1 and mat2 shapes cannot be multiplied (1024x128 and 3072x768)
Evaluating individual 5/10...
Evaluation failed: mat1 and mat2 shapes cannot be multiplied (1024x128 and 768x50257)
Evaluating individual 6/10...
Evaluation failed: mat1 and mat2 shapes cannot be multiplied (1024x128 and 384x1152)
Evaluating individual 7/10...
Evaluation failed: mat1 and mat2 shapes cannot be multiplied (1024x128 and 768x50257)
Evaluating individual 8/10...
Evaluation failed: Given normalized_shape=[384], expected input with shape [*, 384], but got input of size[16, 64, 128]
Evaluating individual 9/10...
Evaluation failed: Given normalized_shape=[768], expected input with shape [*, 768], but got input of size[16, 64, 128]
Evaluating individual 10/10...
Evaluation failed: mat1 and mat2 shapes cannot be multiplied (1024x128 and 768x2304)

🏆 Generation 2 Pareto Front:
  Elite 1: Nodes=54, Edges=66, Params=49,393,489, Loss=4.9621
  Elite 2: Nodes=53, Edges=65, Params=49,392,721, Loss=5.0096
✓ Saved checkpoints/generation_2_report.json
✓ Saved Pareto plot: checkpoints/generation_2_pareto.png

Breeding next generation...

--- Generation 3 / 3 ---
Evaluating individual 3/10...
Evaluation failed: Given normalized_shape=[768], expected input with shape [*, 768], but got input of size[16, 64, 128]
Evaluating individual 4/10...
Evaluation failed: mat1 and mat2 shapes cannot be multiplied (1024x128 and 768x2304)
Evaluating individual 5/10...
Evaluation failed: mat1 and mat2 shapes cannot be multiplied (1024x128 and 768x50257)
Evaluating individual 6/10...
Evaluation failed: mat1 and mat2 shapes cannot be multiplied (1024x128 and 768x2304)
Evaluating individual 7/10...
Evaluation failed: mat1 and mat2 shapes cannot be multiplied (1024x128 and 768x2304)
Evaluating individual 8/10...
Evaluation failed: Given normalized_shape=[768], expected input with shape [*, 768], but got input of size[16, 64, 128]
Evaluating individual 9/10...
Evaluation failed: Given normalized_shape=[384], expected input with shape [*, 384], but got input of size[16, 64, 128]
Evaluating individual 10/10...
Evaluation failed: mat1 and mat2 shapes cannot be multiplied (1024x128 and 1536x384)

🏆 Generation 3 Pareto Front:
  Elite 1: Nodes=54, Edges=66, Params=49,393,489, Loss=4.9621
  Elite 2: Nodes=53, Edges=65, Params=49,392,721, Loss=5.0096
✓ Saved checkpoints/generation_3_report.json
✓ Saved Pareto plot: checkpoints/generation_3_pareto.png

=== BACKGROUND EVOLUTION LOOP COMPLETE ===

